\BOOKMARK [1][-]{section.1}{\376\377\000I\000n\000t\000r\000o\000d\000u\000\347\000\343\000o}{}% 1
\BOOKMARK [1][-]{section.2}{\376\377\000O\000b\000j\000e\000t\000i\000v\000o}{}% 2
\BOOKMARK [1][-]{section.3}{\376\377\000D\000a\000t\000a\000s\000e\000t\000s\000\040\000u\000t\000i\000l\000i\000z\000a\000d\000o\000s}{}% 3
\BOOKMARK [1][-]{section.4}{\376\377\000A\000r\000t\000e\000f\000a\000t\000o\000s\000\040\000h\000e\000r\000d\000a\000d\000o\000s\000\040\000d\000a\000\040\000A\000t\000i\000v\000i\000d\000a\000d\000e\000\040\0001}{}% 4
\BOOKMARK [1][-]{section.5}{\376\377\000A\000r\000q\000u\000i\000t\000e\000t\000u\000r\000a\000\040\000d\000a\000\040\000s\000o\000l\000u\000\347\000\343\000o}{}% 5
\BOOKMARK [1][-]{section.6}{\376\377\000M\000o\000d\000e\000l\000a\000g\000e\000m\000\040\000d\000o\000\040\000b\000a\000n\000c\000o\000\040\000d\000e\000\040\000d\000a\000d\000o\000s}{}% 6
\BOOKMARK [2][-]{subsection.6.1}{\376\377\000T\000a\000b\000e\000l\000a\000s\000\040\000p\000r\000i\000n\000c\000i\000p\000a\000i\000s}{section.6}% 7
\BOOKMARK [1][-]{section.7}{\376\377\000R\000u\000b\000r\000i\000c\000a\000\040\000d\000o\000\040\000J\000u\000i\000z\000-\000I\000A}{}% 8
\BOOKMARK [1][-]{section.8}{\376\377\000P\000r\000o\000m\000p\000t\000\040\000d\000o\000\040\000J\000u\000i\000z}{}% 9
\BOOKMARK [1][-]{section.9}{\376\377\000E\000x\000e\000c\000u\000\347\000\343\000o\000\040\000d\000o\000\040\000b\000a\000n\000c\000o}{}% 10
\BOOKMARK [2][-]{subsection.9.1}{\376\377\000C\000r\000i\000a\000\347\000\343\000o\000\040\000d\000o\000\040\000b\000a\000n\000c\000o}{section.9}% 11
\BOOKMARK [2][-]{subsection.9.2}{\376\377\000E\000x\000e\000c\000u\000\347\000\343\000o\000\040\000d\000o\000\040\000s\000c\000h\000e\000m\000a}{section.9}% 12
\BOOKMARK [2][-]{subsection.9.3}{\376\377\000C\000a\000r\000g\000a\000\040\000i\000n\000i\000c\000i\000a\000l}{section.9}% 13
\BOOKMARK [1][-]{section.10}{\376\377\000E\000T\000L\000\040\000d\000a\000\040\000A\000t\000i\000v\000i\000d\000a\000d\000e\000\040\0001\000\040\000p\000a\000r\000a\000\040\000a\000\040\000A\000t\000i\000v\000i\000d\000a\000d\000e\000\040\0002}{}% 14
\BOOKMARK [1][-]{section.11}{\376\377\000E\000x\000e\000c\000u\000\347\000\343\000o\000\040\000d\000o\000\040\000J\000u\000i\000z\000-\000I\000A}{}% 15
\BOOKMARK [1][-]{section.12}{\376\377\000C\000o\000n\000v\000e\000r\000s\000\343\000o\000\040\000d\000a\000\040\000a\000v\000a\000l\000i\000a\000\347\000\343\000o\000\040\000h\000u\000m\000a\000n\000a}{}% 16
\BOOKMARK [1][-]{section.13}{\376\377\000A\000n\000\341\000l\000i\000s\000e\000\040\000e\000s\000t\000a\000t\000\355\000s\000t\000i\000c\000a}{}% 17
\BOOKMARK [1][-]{section.14}{\376\377\000Q\000u\000e\000r\000i\000e\000s\000\040\000d\000e\000\040\000a\000n\000\341\000l\000i\000s\000e}{}% 18
\BOOKMARK [1][-]{section.15}{\376\377\000B\000a\000c\000k\000u\000p\000\040\000d\000o\000\040\000b\000a\000n\000c\000o}{}% 19
\BOOKMARK [1][-]{section.16}{\376\377\000R\000e\000s\000t\000o\000r\000e\000\040\000d\000o\000\040\000b\000a\000n\000c\000o}{}% 20
\BOOKMARK [1][-]{section.17}{\376\377\000C\000h\000e\000c\000k\000l\000i\000s\000t\000\040\000d\000e\000\040\000a\000u\000d\000i\000t\000o\000r\000i\000a}{}% 21
\BOOKMARK [1][-]{section.18}{\376\377\000C\000o\000n\000c\000l\000u\000s\000\343\000o}{}% 22
